// Jest Snapshot v1, https://goo.gl/fbAQLP

exports[`<Calculator/> should render calculator 1`] = `
<div
  className="undefined"
>
  <div
    className={undefined}
  >
    <input
      className="undefined"
      id="input"
      tabIndex="1"
      value=""
    />
  </div>
  <div
    className="undefined"
  >
    <div
      className="undefined"
    >
      <div
        className="undefined"
      >
        <button
          className="undefined"
          data-code="8"
          onClick={[Function]}
          tabIndex="2"
          value="back"
        >
          del
        </button>
        <button
          className="undefined"
          data-code="67"
          onClick={[Function]}
          tabIndex="3"
          value="c"
        >
          Clear
        </button>
        <button
          className="undefined"
          data-code="shift+187"
          onClick={[Function]}
          tabIndex="4"
          value="+"
        >
          +
        </button>
      </div>
      <div
        className="undefined"
      >
        <button
          className="undefined"
          data-code="49"
          onClick={[Function]}
          tabIndex="6"
          value="1"
        >
          1
        </button>
        <button
          className="undefined"
          data-code="50"
          onClick={[Function]}
          tabIndex="7"
          value="2"
        >
          2
        </button>
        <button
          className="undefined"
          data-code="51"
          onClick={[Function]}
          tabIndex="8"
          value="3"
        >
          3
        </button>
      </div>
      <div
        className="undefined"
      >
        <button
          className="undefined"
          data-code="52"
          onClick={[Function]}
          tabIndex="10"
          value="4"
        >
          4
        </button>
        <button
          className="undefined"
          data-code="53"
          onClick={[Function]}
          tabIndex="11"
          value="5"
        >
          5
        </button>
        <button
          className="undefined"
          data-code="54"
          onClick={[Function]}
          tabIndex="12"
          value="6"
        >
          6
        </button>
      </div>
      <div
        className="undefined"
      >
        <button
          className="undefined"
          data-code="55"
          onClick={[Function]}
          tabIndex="14"
          value="7"
        >
          7
        </button>
        <button
          className="undefined"
          data-code="56"
          onClick={[Function]}
          tabIndex="15"
          value="8"
        >
          8
        </button>
        <button
          className="undefined"
          data-code="57"
          onClick={[Function]}
          tabIndex="16"
          value="9"
        >
          9
        </button>
      </div>
      <div
        className="undefined"
      >
        <button
          className="undefined"
          data-code="48"
          onClick={[Function]}
          tabIndex="17"
          value="0"
        >
          0
        </button>
        <button
          className="undefined"
          data-code="190"
          onClick={[Function]}
          tabIndex="18"
          value="."
        >
          .
        </button>
      </div>
    </div>
    <div
      className="undefined"
    >
      <button
        className="undefined"
        data-code="189"
        onClick={[Function]}
        tabIndex="5"
        value="-"
      >
        -
      </button>
      <button
        className="undefined"
        data-code="shift+56"
        onClick={[Function]}
        tabIndex="9"
        value="*"
      >
        *
      </button>
      <button
        className="undefined"
        data-code="191"
        onClick={[Function]}
        tabIndex="13"
        value="/"
      >
        /
      </button>
      <button
        className="undefined"
        data-code="13"
        onClick={[Function]}
        tabIndex="19"
        value="="
      >
        =
      </button>
    </div>
  </div>
</div>
`;

exports[`<Calculator/> should render calculator 2`] = `
<div
  className="undefined"
>
  <div
    className={undefined}
  >
    <input
      className="undefined"
      id="input"
      tabIndex="1"
      value=""
    />
  </div>
  <div
    className="undefined"
  >
    <div
      className="undefined"
    >
      <div
        className="undefined"
      >
        <button
          className="undefined"
          data-code="8"
          onClick={[Function]}
          tabIndex="2"
          value="back"
        >
          del
        </button>
        <button
          className="undefined"
          data-code="67"
          onClick={[Function]}
          tabIndex="3"
          value="c"
        >
          Clear
        </button>
        <button
          className="undefined"
          data-code="shift+187"
          onClick={[Function]}
          tabIndex="4"
          value="+"
        >
          +
        </button>
      </div>
      <div
        className="undefined"
      >
        <button
          className="undefined"
          data-code="49"
          onClick={[Function]}
          tabIndex="6"
          value="1"
        >
          1
        </button>
        <button
          className="undefined"
          data-code="50"
          onClick={[Function]}
          tabIndex="7"
          value="2"
        >
          2
        </button>
        <button
          className="undefined"
          data-code="51"
          onClick={[Function]}
          tabIndex="8"
          value="3"
        >
          3
        </button>
      </div>
      <div
        className="undefined"
      >
        <button
          className="undefined"
          data-code="52"
          onClick={[Function]}
          tabIndex="10"
          value="4"
        >
          4
        </button>
        <button
          className="undefined"
          data-code="53"
          onClick={[Function]}
          tabIndex="11"
          value="5"
        >
          5
        </button>
        <button
          className="undefined"
          data-code="54"
          onClick={[Function]}
          tabIndex="12"
          value="6"
        >
          6
        </button>
      </div>
      <div
        className="undefined"
      >
        <button
          className="undefined"
          data-code="55"
          onClick={[Function]}
          tabIndex="14"
          value="7"
        >
          7
        </button>
        <button
          className="undefined"
          data-code="56"
          onClick={[Function]}
          tabIndex="15"
          value="8"
        >
          8
        </button>
        <button
          className="undefined"
          data-code="57"
          onClick={[Function]}
          tabIndex="16"
          value="9"
        >
          9
        </button>
      </div>
      <div
        className="undefined"
      >
        <button
          className="undefined"
          data-code="48"
          onClick={[Function]}
          tabIndex="17"
          value="0"
        >
          0
        </button>
        <button
          className="undefined"
          data-code="190"
          onClick={[Function]}
          tabIndex="18"
          value="."
        >
          .
        </button>
      </div>
    </div>
    <div
      className="undefined"
    >
      <button
        className="undefined"
        data-code="189"
        onClick={[Function]}
        tabIndex="5"
        value="-"
      >
        -
      </button>
      <button
        className="undefined"
        data-code="shift+56"
        onClick={[Function]}
        tabIndex="9"
        value="*"
      >
        *
      </button>
      <button
        className="undefined"
        data-code="191"
        onClick={[Function]}
        tabIndex="13"
        value="/"
      >
        /
      </button>
      <button
        className="undefined"
        data-code="13"
        onClick={[Function]}
        tabIndex="19"
        value="="
      >
        =
      </button>
    </div>
  </div>
</div>
`;
